 
****************************************
Report : area
Design : n_bit_adder
Version: W-2024.09
Date   : Sun Apr  5 05:44:12 2026
****************************************

Library(s) Used:

    saed32rvt_ss0p7vn40c (File: /home/shruti_bhalodiya/Downloads/Workshop/ref/lib/stdcell_rvt/saed32rvt_ss0p7vn40c.db)

Number of ports:                           13
Number of nets:                            58
Number of cells:                           49
Number of combinational cells:             37
Number of sequential cells:                12
Number of macros/black boxes:               0
Number of buf/inv:                          7
Number of references:                      14

Combinational area:                 88.696257
Buf/Inv area:                        8.895040
Noncombinational area:              79.292931
Macro/Black Box area:                0.000000
Net Interconnect area:              14.222905

Total cell area:                   167.989188
Total area:                        182.212093

Hierarchical area distribution
------------------------------

                                  Global cell area          Local cell area
                                  ------------------  --------------------------- 
Hierarchical cell                 Absolute   Percent  Combi-    Noncombi-  Black-
                                  Total      Total    national  national   boxes   Design
--------------------------------  ---------  -------  --------  ---------  ------  ---------
n_bit_adder                        167.9892    100.0   88.6963    79.2929  0.0000  n_bit_adder
--------------------------------  ---------  -------  --------  ---------  ------  ---------
Total                                                  88.6963    79.2929  0.0000

1
