 
****************************************
Report : cell
Design : n_bit_adder
Version: W-2024.09
Date   : Sun Apr  5 05:44:12 2026
****************************************

Attributes:
    b - black box (unknown)
    h - hierarchical
    n - noncombinational
    r - removable
    u - contains unmapped logic

Cell                      Reference       Library             Area  Attributes
--------------------------------------------------------------------------------
U38                       INVX0_RVT       saed32rvt_ss0p7vn40c
                                                          1.270720  
U39                       INVX0_RVT       saed32rvt_ss0p7vn40c
                                                          1.270720  
U40                       INVX0_RVT       saed32rvt_ss0p7vn40c
                                                          1.270720  
U41                       INVX0_RVT       saed32rvt_ss0p7vn40c
                                                          1.270720  
U42                       OA22X1_RVT      saed32rvt_ss0p7vn40c
                                                          2.541440  
U43                       AO21X1_RVT      saed32rvt_ss0p7vn40c
                                                          2.541440  
U44                       AO222X1_RVT     saed32rvt_ss0p7vn40c
                                                          3.303872  
U45                       AO222X1_RVT     saed32rvt_ss0p7vn40c
                                                          3.303872  
U46                       NAND2X0_RVT     saed32rvt_ss0p7vn40c
                                                          1.524864  
U47                       OA21X1_RVT      saed32rvt_ss0p7vn40c
                                                          2.541440  
U48                       INVX1_RVT       saed32rvt_ss0p7vn40c
                                                          1.270720  
U49                       AO22X1_RVT      saed32rvt_ss0p7vn40c
                                                          2.541440  
U50                       AND3X1_RVT      saed32rvt_ss0p7vn40c
                                                          2.287296  
U51                       NAND4X0_RVT     saed32rvt_ss0p7vn40c
                                                          2.033152  
U52                       OA21X1_RVT      saed32rvt_ss0p7vn40c
                                                          2.541440  
U53                       HADDX1_RVT      saed32rvt_ss0p7vn40c
                                                          3.303872  r
U54                       HADDX1_RVT      saed32rvt_ss0p7vn40c
                                                          3.303872  r
U55                       NAND2X0_RVT     saed32rvt_ss0p7vn40c
                                                          1.524864  
U56                       OA221X1_RVT     saed32rvt_ss0p7vn40c
                                                          3.049728  
U57                       HADDX1_RVT      saed32rvt_ss0p7vn40c
                                                          3.303872  r
U58                       AO222X1_RVT     saed32rvt_ss0p7vn40c
                                                          3.303872  
U59                       OA221X1_RVT     saed32rvt_ss0p7vn40c
                                                          3.049728  
U60                       HADDX1_RVT      saed32rvt_ss0p7vn40c
                                                          3.303872  r
U61                       AO222X1_RVT     saed32rvt_ss0p7vn40c
                                                          3.303872  
U62                       OA221X1_RVT     saed32rvt_ss0p7vn40c
                                                          3.049728  
U63                       HADDX1_RVT      saed32rvt_ss0p7vn40c
                                                          3.303872  r
U64                       AO222X1_RVT     saed32rvt_ss0p7vn40c
                                                          3.303872  
U65                       AND2X1_RVT      saed32rvt_ss0p7vn40c
                                                          2.033152  
U66                       NAND2X0_RVT     saed32rvt_ss0p7vn40c
                                                          1.524864  
U67                       OA21X1_RVT      saed32rvt_ss0p7vn40c
                                                          2.541440  
U68                       INVX1_RVT       saed32rvt_ss0p7vn40c
                                                          1.270720  
U69                       NAND2X0_RVT     saed32rvt_ss0p7vn40c
                                                          1.524864  
U70                       OA21X1_RVT      saed32rvt_ss0p7vn40c
                                                          2.541440  
U71                       INVX1_RVT       saed32rvt_ss0p7vn40c
                                                          1.270720  
U72                       NAND2X0_RVT     saed32rvt_ss0p7vn40c
                                                          1.524864  
U73                       OA21X1_RVT      saed32rvt_ss0p7vn40c
                                                          2.541440  
U74                       HADDX1_RVT      saed32rvt_ss0p7vn40c
                                                          3.303872  r
i_reg[0]                  DFFX1_RVT       saed32rvt_ss0p7vn40c
                                                          6.607744  n
i_reg[1]                  DFFX1_RVT       saed32rvt_ss0p7vn40c
                                                          6.607744  n
i_reg[2]                  DFFX1_RVT       saed32rvt_ss0p7vn40c
                                                          6.607744  n
i_reg[3]                  DFFX1_RVT       saed32rvt_ss0p7vn40c
                                                          6.607744  n
sum_reg[0]                DFFX1_RVT       saed32rvt_ss0p7vn40c
                                                          6.607744  n
sum_reg[1]                DFFX1_RVT       saed32rvt_ss0p7vn40c
                                                          6.607744  n
sum_reg[2]                DFFX1_RVT       saed32rvt_ss0p7vn40c
                                                          6.607744  n
sum_reg[3]                DFFX1_RVT       saed32rvt_ss0p7vn40c
                                                          6.607744  n
sum_reg[4]                DFFX1_RVT       saed32rvt_ss0p7vn40c
                                                          6.607744  n
sum_reg[5]                DFFX1_RVT       saed32rvt_ss0p7vn40c
                                                          6.607744  n
sum_reg[6]                DFFX1_RVT       saed32rvt_ss0p7vn40c
                                                          6.607744  n
sum_reg[7]                DFFX1_RVT       saed32rvt_ss0p7vn40c
                                                          6.607744  n
--------------------------------------------------------------------------------
Total 49 cells                                            167.989188
1
