 
****************************************
Report : net
Design : n_bit_adder
Version: W-2024.09
Date   : Sun Apr  5 05:44:12 2026
****************************************


Operating Conditions: ss0p7vn40c   Library: saed32rvt_ss0p7vn40c
Wire Load Model Mode: enclosed

Design        Wire Load Model            Library
------------------------------------------------
n_bit_adder            ForQA             saed32rvt_ss0p7vn40c


Attributes:
   dr - drc disabled

Net
 Fanout    Fanin     Load      LoadUR    LoadUF    LoadLR    LoadLF    Resist    Pins      Attr
-----------------------------------------------------------------------------------------------
clk
     12         1       10.96     12.54     11.49     10.39     10.31      0.38      13    dr
i[0]
      5         1        3.47      4.15      3.67      3.30      3.27      0.12       6    
i[1]
      6         1        4.25      4.82      4.46      4.10      4.08      0.15       7    
i[2]
      5         1        3.52      3.89      3.69      3.40      3.39      0.12       6    
i[3]
      3         1        2.01      2.20      2.09      1.95      1.94      0.07       4    
n27
      1         1        0.65      0.77      0.68      0.60      0.60      0.02       2    
n28
      1         1        0.65      0.77      0.68      0.60      0.60      0.02       2    
n29
      1         1        0.65      0.77      0.68      0.60      0.60      0.02       2    
n30
      1         1        0.65      0.77      0.68      0.60      0.60      0.02       2    
n31
      1         1        0.65      0.77      0.68      0.60      0.60      0.02       2    
n32
      1         1        0.65      0.77      0.68      0.60      0.60      0.02       2    
n33
      1         1        0.65      0.77      0.68      0.60      0.60      0.02       2    
n34
      1         1        0.65      0.77      0.68      0.60      0.60      0.02       2    
n35
      1         1        0.65      0.77      0.68      0.60      0.60      0.02       2    
n36
      1         1        0.65      0.77      0.68      0.60      0.60      0.02       2    
n37
      1         1        0.65      0.77      0.68      0.60      0.60      0.02       2    
n38
      1         1        0.65      0.77      0.68      0.60      0.60      0.02       2    
n39
      1         1        0.65      0.75      0.68      0.61      0.60      0.02       2    
n40
      2         1        1.34      1.51      1.42      1.29      1.28      0.04       3    
n41
      2         1        1.40      1.53      1.48      1.36      1.35      0.04       3    
n42
      3         1        2.10      2.49      2.24      1.98      1.94      0.07       4    
n43
      1         1        0.65      0.76      0.69      0.63      0.62      0.02       2    
n44
      2         1        1.67      1.94      1.76      1.59      1.57      0.04       3    
n45
      2         1        1.76      2.01      1.87      1.67      1.66      0.04       3    
n46
      2         1        1.34      1.57      1.43      1.28      1.26      0.04       3    
n47
      1         1        1.06      1.21      1.13      1.00      0.99      0.02       2    
n48
      3         1        2.04      2.27      2.13      1.98      1.96      0.07       4    
n49
      1         1        0.62      0.69      0.65      0.60      0.60      0.02       2    
n50
      1         1        1.06      1.21      1.13      1.00      0.99      0.02       2    
n51
      4         1        2.87      3.21      3.02      2.76      2.73      0.09       5    
n52
      1         1        0.62      0.69      0.65      0.60      0.60      0.02       2    
n53
      1         1        1.06      1.21      1.13      1.00      0.99      0.02       2    
n54
      4         1        2.87      3.21      3.02      2.76      2.73      0.09       5    
n55
      8         1        5.83      6.70      6.03      5.62      5.60      0.22       9    
n56
      1         1        0.65      0.82      0.70      0.60      0.59      0.02       2    
n57
      2         1        1.30      1.56      1.38      1.24      1.22      0.04       3    
n58
      2         1        1.39      1.74      1.51      1.29      1.26      0.04       3    
n59
      2         1        1.30      1.56      1.38      1.24      1.22      0.04       3    
n60
      2         1        1.39      1.74      1.51      1.29      1.26      0.04       3    
n61
      2         1        1.30      1.56      1.38      1.24      1.22      0.04       3    
n62
      2         1        1.28      1.55      1.36      1.21      1.19      0.04       3    
n63
      1         1        1.06      1.21      1.13      1.00      0.99      0.02       2    
n64
      4         1        2.74      3.10      2.88      2.65      2.62      0.09       5    
n65
      1         1        0.64      0.76      0.67      0.61      0.60      0.02       2    
n66
      3         1        2.11      2.31      2.22      2.04      2.03      0.07       4    
n67
      4         1        3.21      3.60      3.35      3.10      3.07      0.09       5    
n[0]
      1         1        0.62      0.74      0.66      0.60      0.59      0.02       2    
n[1]
      2         1        1.29      1.40      1.34      1.26      1.25      0.04       3    
n[2]
      2         1        1.32      1.44      1.38      1.28      1.27      0.04       3    
n[3]
      2         1        1.32      1.44      1.38      1.28      1.27      0.04       3    
sum[0]
      3         1        2.04      2.28      2.08      1.97      1.95      0.07       4    
sum[1]
      4         1        2.88      3.16      2.99      2.80      2.77      0.09       5    
sum[2]
      4         1        2.82      3.14      2.93      2.73      2.70      0.09       5    
sum[3]
      4         1        2.82      3.14      2.93      2.73      2.70      0.09       5    
sum[4]
      3         1        1.62      1.84      1.67      1.57      1.56      0.07       4    
sum[5]
      3         1        1.62      1.84      1.67      1.57      1.56      0.07       4    
sum[6]
      3         1        1.62      1.84      1.67      1.57      1.56      0.07       4    
sum[7]
      2         1        1.37      1.51      1.39      1.33      1.31      0.04       3    
-----------------------------------------------------------------------------------------------
Total 58 nets
    141        58      100.69    115.15    105.58     96.26     95.37      3.23     199
Maximum
     12         1       10.96     12.54     11.49     10.39     10.31      0.38      13
Average
   2.43      1.00        1.74      1.99      1.82      1.66      1.64      0.06    3.43
1
