 
****************************************
Report : power
        -hier
        -analysis_effort low
Design : n_bit_adder
Version: W-2024.09
Date   : Sun Apr  5 05:44:12 2026
****************************************


Library(s) Used:

    saed32rvt_ss0p7vn40c (File: /home/shruti_bhalodiya/Downloads/Workshop/ref/lib/stdcell_rvt/saed32rvt_ss0p7vn40c.db)


Operating Conditions: ss0p7vn40c   Library: saed32rvt_ss0p7vn40c
Wire Load Model Mode: enclosed

Design        Wire Load Model            Library
------------------------------------------------
n_bit_adder            ForQA             saed32rvt_ss0p7vn40c


Global Operating Voltage = 0.7  
Power-specific unit information :
    Voltage Units = 1V
    Capacitance Units = 1.000000ff
    Time Units = 1ns
    Dynamic Power Units = 1uW    (derived from V,C,T units)
    Leakage Power Units = 1pW


--------------------------------------------------------------------------------
                                       Switch   Int      Leak     Total
Hierarchy                              Power    Power    Power    Power    %
--------------------------------------------------------------------------------
n_bit_adder                               0.212    4.010 8.81e+05    5.103 100.0
1
