 
****************************************
Report : qor
Design : n_bit_adder
Version: W-2024.09
Date   : Sun Apr  5 05:44:12 2026
****************************************


  Timing Path Group 'clk'
  -----------------------------------
  Levels of Logic:              12.00
  Critical Path Length:          4.91
  Critical Path Slack:           2.35
  Critical Path Clk Period:     10.00
  Total Negative Slack:          0.00
  No. of Violating Paths:        0.00
  Worst Hold Violation:          0.00
  Total Hold Violation:          0.00
  No. of Hold Violations:        0.00
  -----------------------------------


  Cell Count
  -----------------------------------
  Hierarchical Cell Count:          0
  Hierarchical Port Count:          0
  Leaf Cell Count:                 49
  Buf/Inv Cell Count:               7
  Buf Cell Count:                   0
  Inv Cell Count:                   7
  CT Buf/Inv Cell Count:            0
  Combinational Cell Count:        37
  Sequential Cell Count:           12
  Macro Count:                      0
  -----------------------------------


  Area
  -----------------------------------
  Combinational Area:       88.696257
  Noncombinational Area:    79.292931
  Buf/Inv Area:              8.895040
  Total Buffer Area:             0.00
  Total Inverter Area:           8.90
  Macro/Black Box Area:      0.000000
  Net Area:                 14.222905
  -----------------------------------
  Cell Area:               167.989188
  Design Area:             182.212093


  Design Rules
  -----------------------------------
  Total Number of Nets:            58
  Nets With Violations:             0
  Max Trans Violations:             0
  Max Cap Violations:               0
  -----------------------------------


  Hostname: ict-chipin.sot.pdpu.ac.in

  Compile CPU Statistics
  -----------------------------------------
  Resource Sharing:                    0.01
  Logic Optimization:                  0.04
  Mapping Optimization:                0.22
  -----------------------------------------
  Overall Compile Time:                4.43
  Overall Compile Wall Clock Time:     4.81

  --------------------------------------------------------------------

  Design  WNS: 0.00  TNS: 0.00  Number of Violating Paths: 0


  Design (Hold)  WNS: 0.00  TNS: 0.00  Number of Violating Paths: 0

  --------------------------------------------------------------------


1
