Information: Updating design information... (UID-85)
 
****************************************
Report : timing
        -path full
        -delay max
        -max_paths 10
Design : n_bit_adder
Version: W-2024.09
Date   : Sun Apr  5 05:44:12 2026
****************************************

Operating Conditions: ss0p7vn40c   Library: saed32rvt_ss0p7vn40c
Wire Load Model Mode: enclosed

  Startpoint: n[1] (input port clocked by clk)
  Endpoint: sum_reg[7] (rising edge-triggered flip-flop clocked by clk)
  Path Group: clk
  Path Type: max

  Des/Clust/Port     Wire Load Model       Library
  ------------------------------------------------
  n_bit_adder        ForQA                 saed32rvt_ss0p7vn40c

  Point                                    Incr       Path
  -----------------------------------------------------------
  clock clk (rise edge)                    0.00       0.00
  clock network delay (ideal)              0.00       0.00
  input external delay                     2.00       2.00 f
  n[1] (in)                                0.00       2.00 f
  U42/Y (OA22X1_RVT)                       0.50       2.50 f
  U43/Y (AO21X1_RVT)                       0.35       2.85 f
  U44/Y (AO222X1_RVT)                      0.83       3.68 f
  U45/Y (AO222X1_RVT)                      0.79       4.47 f
  U65/Y (AND2X1_RVT)                       0.41       4.88 f
  U66/Y (NAND2X0_RVT)                      0.28       5.16 r
  U68/Y (INVX1_RVT)                        0.19       5.35 f
  U69/Y (NAND2X0_RVT)                      0.32       5.67 r
  U71/Y (INVX1_RVT)                        0.19       5.86 f
  U72/Y (NAND2X0_RVT)                      0.30       6.16 r
  U38/Y (INVX0_RVT)                        0.20       6.36 f
  U74/SO (HADDX1_RVT)                      0.55       6.91 f
  sum_reg[7]/D (DFFX1_RVT)                 0.00       6.91 f
  data arrival time                                   6.91

  clock clk (rise edge)                   10.00      10.00
  clock network delay (ideal)              0.00      10.00
  clock uncertainty                       -0.20       9.80
  sum_reg[7]/CLK (DFFX1_RVT)               0.00       9.80 r
  library setup time                      -0.54       9.26
  data required time                                  9.26
  -----------------------------------------------------------
  data required time                                  9.26
  data arrival time                                  -6.91
  -----------------------------------------------------------
  slack (MET)                                         2.35


  Startpoint: n[1] (input port clocked by clk)
  Endpoint: sum_reg[6] (rising edge-triggered flip-flop clocked by clk)
  Path Group: clk
  Path Type: max

  Des/Clust/Port     Wire Load Model       Library
  ------------------------------------------------
  n_bit_adder        ForQA                 saed32rvt_ss0p7vn40c

  Point                                    Incr       Path
  -----------------------------------------------------------
  clock clk (rise edge)                    0.00       0.00
  clock network delay (ideal)              0.00       0.00
  input external delay                     2.00       2.00 f
  n[1] (in)                                0.00       2.00 f
  U42/Y (OA22X1_RVT)                       0.50       2.50 f
  U43/Y (AO21X1_RVT)                       0.35       2.85 f
  U44/Y (AO222X1_RVT)                      0.83       3.68 f
  U45/Y (AO222X1_RVT)                      0.79       4.47 f
  U65/Y (AND2X1_RVT)                       0.41       4.88 f
  U66/Y (NAND2X0_RVT)                      0.28       5.16 r
  U68/Y (INVX1_RVT)                        0.19       5.35 f
  U69/Y (NAND2X0_RVT)                      0.32       5.67 r
  U71/Y (INVX1_RVT)                        0.19       5.86 f
  U73/Y (OA21X1_RVT)                       0.54       6.40 f
  sum_reg[6]/D (DFFX1_RVT)                 0.00       6.40 f
  data arrival time                                   6.40

  clock clk (rise edge)                   10.00      10.00
  clock network delay (ideal)              0.00      10.00
  clock uncertainty                       -0.20       9.80
  sum_reg[6]/CLK (DFFX1_RVT)               0.00       9.80 r
  library setup time                      -0.50       9.30
  data required time                                  9.30
  -----------------------------------------------------------
  data required time                                  9.30
  data arrival time                                  -6.40
  -----------------------------------------------------------
  slack (MET)                                         2.89


  Startpoint: n[1] (input port clocked by clk)
  Endpoint: sum_reg[5] (rising edge-triggered flip-flop clocked by clk)
  Path Group: clk
  Path Type: max

  Des/Clust/Port     Wire Load Model       Library
  ------------------------------------------------
  n_bit_adder        ForQA                 saed32rvt_ss0p7vn40c

  Point                                    Incr       Path
  -----------------------------------------------------------
  clock clk (rise edge)                    0.00       0.00
  clock network delay (ideal)              0.00       0.00
  input external delay                     2.00       2.00 f
  n[1] (in)                                0.00       2.00 f
  U42/Y (OA22X1_RVT)                       0.50       2.50 f
  U43/Y (AO21X1_RVT)                       0.35       2.85 f
  U44/Y (AO222X1_RVT)                      0.83       3.68 f
  U45/Y (AO222X1_RVT)                      0.79       4.47 f
  U65/Y (AND2X1_RVT)                       0.41       4.88 f
  U66/Y (NAND2X0_RVT)                      0.28       5.16 r
  U68/Y (INVX1_RVT)                        0.19       5.35 f
  U70/Y (OA21X1_RVT)                       0.54       5.89 f
  sum_reg[5]/D (DFFX1_RVT)                 0.00       5.89 f
  data arrival time                                   5.89

  clock clk (rise edge)                   10.00      10.00
  clock network delay (ideal)              0.00      10.00
  clock uncertainty                       -0.20       9.80
  sum_reg[5]/CLK (DFFX1_RVT)               0.00       9.80 r
  library setup time                      -0.50       9.30
  data required time                                  9.30
  -----------------------------------------------------------
  data required time                                  9.30
  data arrival time                                  -5.89
  -----------------------------------------------------------
  slack (MET)                                         3.40


  Startpoint: n[1] (input port clocked by clk)
  Endpoint: sum_reg[0] (rising edge-triggered flip-flop clocked by clk)
  Path Group: clk
  Path Type: max

  Des/Clust/Port     Wire Load Model       Library
  ------------------------------------------------
  n_bit_adder        ForQA                 saed32rvt_ss0p7vn40c

  Point                                    Incr       Path
  -----------------------------------------------------------
  clock clk (rise edge)                    0.00       0.00
  clock network delay (ideal)              0.00       0.00
  input external delay                     2.00       2.00 f
  n[1] (in)                                0.00       2.00 f
  U42/Y (OA22X1_RVT)                       0.50       2.50 f
  U43/Y (AO21X1_RVT)                       0.35       2.85 f
  U44/Y (AO222X1_RVT)                      0.83       3.68 f
  U45/Y (AO222X1_RVT)                      0.79       4.47 f
  U46/Y (NAND2X0_RVT)                      0.45       4.92 r
  U48/Y (INVX1_RVT)                        0.25       5.16 f
  U54/SO (HADDX1_RVT)                      0.58       5.75 f
  sum_reg[0]/D (DFFX1_RVT)                 0.00       5.75 f
  data arrival time                                   5.75

  clock clk (rise edge)                   10.00      10.00
  clock network delay (ideal)              0.00      10.00
  clock uncertainty                       -0.20       9.80
  sum_reg[0]/CLK (DFFX1_RVT)               0.00       9.80 r
  library setup time                      -0.54       9.26
  data required time                                  9.26
  -----------------------------------------------------------
  data required time                                  9.26
  data arrival time                                  -5.75
  -----------------------------------------------------------
  slack (MET)                                         3.52


  Startpoint: n[1] (input port clocked by clk)
  Endpoint: sum_reg[1] (rising edge-triggered flip-flop clocked by clk)
  Path Group: clk
  Path Type: max

  Des/Clust/Port     Wire Load Model       Library
  ------------------------------------------------
  n_bit_adder        ForQA                 saed32rvt_ss0p7vn40c

  Point                                    Incr       Path
  -----------------------------------------------------------
  clock clk (rise edge)                    0.00       0.00
  clock network delay (ideal)              0.00       0.00
  input external delay                     2.00       2.00 f
  n[1] (in)                                0.00       2.00 f
  U42/Y (OA22X1_RVT)                       0.50       2.50 f
  U43/Y (AO21X1_RVT)                       0.35       2.85 f
  U44/Y (AO222X1_RVT)                      0.83       3.68 f
  U45/Y (AO222X1_RVT)                      0.79       4.47 f
  U56/Y (OA221X1_RVT)                      0.49       4.96 f
  U57/SO (HADDX1_RVT)                      0.60       5.55 f
  sum_reg[1]/D (DFFX1_RVT)                 0.00       5.55 f
  data arrival time                                   5.55

  clock clk (rise edge)                   10.00      10.00
  clock network delay (ideal)              0.00      10.00
  clock uncertainty                       -0.20       9.80
  sum_reg[1]/CLK (DFFX1_RVT)               0.00       9.80 r
  library setup time                      -0.54       9.26
  data required time                                  9.26
  -----------------------------------------------------------
  data required time                                  9.26
  data arrival time                                  -5.55
  -----------------------------------------------------------
  slack (MET)                                         3.71


  Startpoint: n[1] (input port clocked by clk)
  Endpoint: sum_reg[2] (rising edge-triggered flip-flop clocked by clk)
  Path Group: clk
  Path Type: max

  Des/Clust/Port     Wire Load Model       Library
  ------------------------------------------------
  n_bit_adder        ForQA                 saed32rvt_ss0p7vn40c

  Point                                    Incr       Path
  -----------------------------------------------------------
  clock clk (rise edge)                    0.00       0.00
  clock network delay (ideal)              0.00       0.00
  input external delay                     2.00       2.00 f
  n[1] (in)                                0.00       2.00 f
  U42/Y (OA22X1_RVT)                       0.50       2.50 f
  U43/Y (AO21X1_RVT)                       0.35       2.85 f
  U44/Y (AO222X1_RVT)                      0.83       3.68 f
  U45/Y (AO222X1_RVT)                      0.79       4.47 f
  U59/Y (OA221X1_RVT)                      0.49       4.96 f
  U60/SO (HADDX1_RVT)                      0.60       5.55 f
  sum_reg[2]/D (DFFX1_RVT)                 0.00       5.55 f
  data arrival time                                   5.55

  clock clk (rise edge)                   10.00      10.00
  clock network delay (ideal)              0.00      10.00
  clock uncertainty                       -0.20       9.80
  sum_reg[2]/CLK (DFFX1_RVT)               0.00       9.80 r
  library setup time                      -0.54       9.26
  data required time                                  9.26
  -----------------------------------------------------------
  data required time                                  9.26
  data arrival time                                  -5.55
  -----------------------------------------------------------
  slack (MET)                                         3.71


  Startpoint: n[1] (input port clocked by clk)
  Endpoint: sum_reg[3] (rising edge-triggered flip-flop clocked by clk)
  Path Group: clk
  Path Type: max

  Des/Clust/Port     Wire Load Model       Library
  ------------------------------------------------
  n_bit_adder        ForQA                 saed32rvt_ss0p7vn40c

  Point                                    Incr       Path
  -----------------------------------------------------------
  clock clk (rise edge)                    0.00       0.00
  clock network delay (ideal)              0.00       0.00
  input external delay                     2.00       2.00 f
  n[1] (in)                                0.00       2.00 f
  U42/Y (OA22X1_RVT)                       0.50       2.50 f
  U43/Y (AO21X1_RVT)                       0.35       2.85 f
  U44/Y (AO222X1_RVT)                      0.83       3.68 f
  U45/Y (AO222X1_RVT)                      0.79       4.47 f
  U62/Y (OA221X1_RVT)                      0.49       4.96 f
  U63/SO (HADDX1_RVT)                      0.60       5.55 f
  sum_reg[3]/D (DFFX1_RVT)                 0.00       5.55 f
  data arrival time                                   5.55

  clock clk (rise edge)                   10.00      10.00
  clock network delay (ideal)              0.00      10.00
  clock uncertainty                       -0.20       9.80
  sum_reg[3]/CLK (DFFX1_RVT)               0.00       9.80 r
  library setup time                      -0.54       9.26
  data required time                                  9.26
  -----------------------------------------------------------
  data required time                                  9.26
  data arrival time                                  -5.55
  -----------------------------------------------------------
  slack (MET)                                         3.71


  Startpoint: n[1] (input port clocked by clk)
  Endpoint: i_reg[1] (rising edge-triggered flip-flop clocked by clk)
  Path Group: clk
  Path Type: max

  Des/Clust/Port     Wire Load Model       Library
  ------------------------------------------------
  n_bit_adder        ForQA                 saed32rvt_ss0p7vn40c

  Point                                    Incr       Path
  -----------------------------------------------------------
  clock clk (rise edge)                    0.00       0.00
  clock network delay (ideal)              0.00       0.00
  input external delay                     2.00       2.00 f
  n[1] (in)                                0.00       2.00 f
  U42/Y (OA22X1_RVT)                       0.50       2.50 f
  U43/Y (AO21X1_RVT)                       0.35       2.85 f
  U44/Y (AO222X1_RVT)                      0.83       3.68 f
  U45/Y (AO222X1_RVT)                      0.79       4.47 f
  U46/Y (NAND2X0_RVT)                      0.45       4.92 r
  U48/Y (INVX1_RVT)                        0.25       5.16 f
  U49/Y (AO22X1_RVT)                       0.41       5.57 f
  i_reg[1]/D (DFFX1_RVT)                   0.00       5.57 f
  data arrival time                                   5.57

  clock clk (rise edge)                   10.00      10.00
  clock network delay (ideal)              0.00      10.00
  clock uncertainty                       -0.20       9.80
  i_reg[1]/CLK (DFFX1_RVT)                 0.00       9.80 r
  library setup time                      -0.50       9.30
  data required time                                  9.30
  -----------------------------------------------------------
  data required time                                  9.30
  data arrival time                                  -5.57
  -----------------------------------------------------------
  slack (MET)                                         3.73


  Startpoint: n[1] (input port clocked by clk)
  Endpoint: i_reg[3] (rising edge-triggered flip-flop clocked by clk)
  Path Group: clk
  Path Type: max

  Des/Clust/Port     Wire Load Model       Library
  ------------------------------------------------
  n_bit_adder        ForQA                 saed32rvt_ss0p7vn40c

  Point                                    Incr       Path
  -----------------------------------------------------------
  clock clk (rise edge)                    0.00       0.00
  clock network delay (ideal)              0.00       0.00
  input external delay                     2.00       2.00 f
  n[1] (in)                                0.00       2.00 f
  U42/Y (OA22X1_RVT)                       0.50       2.50 f
  U43/Y (AO21X1_RVT)                       0.35       2.85 f
  U44/Y (AO222X1_RVT)                      0.83       3.68 f
  U45/Y (AO222X1_RVT)                      0.79       4.47 f
  U51/Y (NAND4X0_RVT)                      0.39       4.85 r
  U53/SO (HADDX1_RVT)                      0.66       5.51 f
  i_reg[3]/D (DFFX1_RVT)                   0.00       5.51 f
  data arrival time                                   5.51

  clock clk (rise edge)                   10.00      10.00
  clock network delay (ideal)              0.00      10.00
  clock uncertainty                       -0.20       9.80
  i_reg[3]/CLK (DFFX1_RVT)                 0.00       9.80 r
  library setup time                      -0.54       9.26
  data required time                                  9.26
  -----------------------------------------------------------
  data required time                                  9.26
  data arrival time                                  -5.51
  -----------------------------------------------------------
  slack (MET)                                         3.75


  Startpoint: n[1] (input port clocked by clk)
  Endpoint: i_reg[2] (rising edge-triggered flip-flop clocked by clk)
  Path Group: clk
  Path Type: max

  Des/Clust/Port     Wire Load Model       Library
  ------------------------------------------------
  n_bit_adder        ForQA                 saed32rvt_ss0p7vn40c

  Point                                    Incr       Path
  -----------------------------------------------------------
  clock clk (rise edge)                    0.00       0.00
  clock network delay (ideal)              0.00       0.00
  input external delay                     2.00       2.00 f
  n[1] (in)                                0.00       2.00 f
  U42/Y (OA22X1_RVT)                       0.50       2.50 f
  U43/Y (AO21X1_RVT)                       0.35       2.85 f
  U44/Y (AO222X1_RVT)                      0.83       3.68 f
  U45/Y (AO222X1_RVT)                      0.79       4.47 f
  U50/Y (AND3X1_RVT)                       0.49       4.96 f
  U52/Y (OA21X1_RVT)                       0.46       5.42 f
  i_reg[2]/D (DFFX1_RVT)                   0.00       5.42 f
  data arrival time                                   5.42

  clock clk (rise edge)                   10.00      10.00
  clock network delay (ideal)              0.00      10.00
  clock uncertainty                       -0.20       9.80
  i_reg[2]/CLK (DFFX1_RVT)                 0.00       9.80 r
  library setup time                      -0.50       9.30
  data required time                                  9.30
  -----------------------------------------------------------
  data required time                                  9.30
  data arrival time                                  -5.42
  -----------------------------------------------------------
  slack (MET)                                         3.87


1
